[pixner.net/paylio/paylio-v2/index.html]
[backblue.gif]
[fade.gif]
[index.html]
[pixner.net/paylio/paylio-v2/assets/img/fav.png]
[pixner.net/paylio/paylio-v2/assets/css/bootstrap.min.css]
[pixner.net/paylio/paylio-v2/assets/css/fontawesome.min.css]
[pixner.net/paylio/paylio-v2/assets/css/plugin/nice-select.css]
[pixner.net/paylio/paylio-v2/assets/css/plugin/slick.css]
[pixner.net/paylio/paylio-v2/assets/css/custom-family.css]
[pixner.net/paylio/paylio-v2/assets/css/plugin/magnific-popup.css]
[pixner.net/paylio/paylio-v2/assets/css/plugin/animate.css]
[pixner.net/paylio/paylio-v2/assets/css/style.css]
[pixner.net/paylio/paylio-v2/assets/img/logo.png]
[pixner.net/paylio/paylio-v2/index-2.html]
[pixner.net/paylio/paylio-v2/index-3.html]
[pixner.net/paylio/paylio-v2/index-4.html]
[pixner.net/paylio/paylio-v2/index-5.html]
[pixner.net/paylio/paylio-v2/index-6.html]
[pixner.net/paylio/paylio-v2/index-7.html]
[pixner.net/paylio/paylio-v2/index-8.html]
[pixner.net/paylio/paylio-v2/index-9.html]
[pixner.net/paylio/paylio-v2/index-10.html]
[pixner.net/paylio/paylio-v2/index-11.html]
[pixner.net/paylio/paylio-v2/blog.html]
[pixner.net/paylio/paylio-v2/blog-2.html]
[pixner.net/paylio/paylio-v2/blog-3.html]
[pixner.net/paylio/paylio-v2/blog-4.html]
[pixner.net/paylio/paylio-v2/blog-single.html]
[pixner.net/paylio/paylio-v2/blog-single-2.html]
[pixner.net/paylio/paylio-v2/about-us.html]
[pixner.net/paylio/paylio-v2/careers.html]
[pixner.net/paylio/paylio-v2/fees.html]
[pixner.net/paylio/paylio-v2/open-positions.html]
[pixner.net/paylio/paylio-v2/our-team.html]
[pixner.net/paylio/paylio-v2/privacy-policy.html]
[pixner.net/paylio/paylio-v2/countries.html]
[pixner.net/paylio/paylio-v2/team-details.html]
[pixner.net/paylio/paylio-v2/terms-conditions.html]
[pixner.net/paylio/paylio-v2/reviews.html]
[pixner.net/paylio/paylio-v2/how-works.html]
[pixner.net/paylio/paylio-v2/faqs.html]
[pixner.net/paylio/paylio-v2/login.html]
[pixner.net/paylio/paylio-v2/login-2.html]
[pixner.net/paylio/paylio-v2/register.html]
[pixner.net/paylio/paylio-v2/register-2.html]
[pixner.net/paylio/paylio-v2/forgot-password.html]
[pixner.net/paylio/paylio-v2/forgot-password-2.html]
[pixner.net/paylio/paylio-v2/reset-password.html]
[pixner.net/paylio/paylio-v2/coming-soon.html]
[pixner.net/paylio/paylio-v2/404.html]
[pixner.net/paylio/paylio-v2/contact.html]
[pixner.net/paylio/paylio-v2/help-center.html]
[pixner.net/paylio/paylio-v2/help-center-2.html]
[pixner.net/paylio/paylio-v2/help-center-details.html]
[pixner.net/paylio/paylio-v2/assets/img/lang.png]
[pixner.net/paylio/paylio-v2/assets/img/ban-frame-1.png]
[pixner.net/paylio/paylio-v2/assets/img/ban-frame-2.png]
[pixner.net/paylio/paylio-v2/assets/img/ban-frame-3.png]
[pixner.net/paylio/paylio-v2/assets/img/ban-frame-4.png]
[pixner.net/paylio/paylio-v2/assets/img/video-icon.png]
[pixner.net/paylio/paylio-v2/assets/img/ban-right.png]
[pixner.net/paylio/paylio-v2/assets/img/features-icon-1.png]
[pixner.net/paylio/paylio-v2/assets/img/features-icon-2.png]
[pixner.net/paylio/paylio-v2/assets/img/features-icon-3.png]
[pixner.net/paylio/paylio-v2/assets/img/features-icon-4.png]
[pixner.net/paylio/paylio-v2/assets/img/customers-1.png]
[pixner.net/paylio/paylio-v2/assets/img/customers-2.png]
[pixner.net/paylio/paylio-v2/assets/img/customers-3.png]
[pixner.net/paylio/paylio-v2/assets/img/customers-4.png]
[pixner.net/paylio/paylio-v2/assets/img/customers-5.png]
[pixner.net/paylio/paylio-v2/assets/img/customers-6.png]
[pixner.net/paylio/paylio-v2/assets/img/customers-7.png]
[pixner.net/paylio/paylio-v2/assets/img/customers-bg.png]
[pixner.net/paylio/paylio-v2/assets/img/testimonials-1.png]
[pixner.net/paylio/paylio-v2/assets/img/left-quote.png]
[pixner.net/paylio/paylio-v2/assets/img/flag.png]
[pixner.net/paylio/paylio-v2/assets/img/choose-us-icon-1.png]
[pixner.net/paylio/paylio-v2/assets/img/choose-us-icon-2.png]
[pixner.net/paylio/paylio-v2/assets/img/choose-us-icon-3.png]
[pixner.net/paylio/paylio-v2/assets/img/choose-us-icon-4.png]
[pixner.net/paylio/paylio-v2/assets/img/choose-us-icon-5.png]
[pixner.net/paylio/paylio-v2/assets/img/choose-us-icon-6.png]
[pixner.net/paylio/paylio-v2/assets/img/choose-us-icon-7.png]
[pixner.net/paylio/paylio-v2/assets/img/choose-us-icon-8.png]
[pixner.net/paylio/paylio-v2/assets/img/affiliate-bg.png]
[pixner.net/paylio/paylio-v2/assets/img/payment-icon-1.png]
[pixner.net/paylio/paylio-v2/assets/img/payment-icon-2.png]
[pixner.net/paylio/paylio-v2/assets/img/payment-icon-3.png]
[pixner.net/paylio/paylio-v2/assets/img/payment-icon-4.png]
[pixner.net/paylio/paylio-v2/assets/img/payment-icon-5.png]
[pixner.net/paylio/paylio-v2/assets/img/how-works-Illu.png]
[pixner.net/paylio/paylio-v2/assets/img/how-works-icon-1.png]
[pixner.net/paylio/paylio-v2/assets/img/how-works-icon-2.png]
[pixner.net/paylio/paylio-v2/assets/img/how-works-icon-3.png]
[pixner.net/paylio/paylio-v2/assets/img/app-download-left.png]
[pixner.net/paylio/paylio-v2/assets/img/check.png]
[pixner.net/paylio/paylio-v2/assets/img/gPlay_btn.png]
[pixner.net/paylio/paylio-v2/assets/img/apple_btn.png]
[pixner.net/paylio/paylio-v2/assets/img/send.png]
[pixner.net/paylio/paylio-v2/assets/img/facebook.png]
[pixner.net/paylio/paylio-v2/assets/img/twitter.png]
[pixner.net/paylio/paylio-v2/assets/img/instagram.png]
[pixner.net/paylio/paylio-v2/assets/img/linkedin.png]
[pixner.net/paylio/paylio-v2/assets/js/jquery.min.js]
[pixner.net/paylio/paylio-v2/assets/js/proper-min.js]
[pixner.net/paylio/paylio-v2/assets/js/bootstrap.min.js]
[pixner.net/paylio/paylio-v2/assets/js/fontawesome.js]
[pixner.net/paylio/paylio-v2/assets/js/plugin/slick.js]
[pixner.net/paylio/paylio-v2/assets/js/plugin/jquery.magnific-popup.min.js]
[pixner.net/paylio/paylio-v2/assets/js/plugin/jquery.nice-select.min.js]
[pixner.net/paylio/paylio-v2/assets/js/plugin/wow.min.js]
[pixner.net/paylio/paylio-v2/assets/js/plugin/plugin.js]
[pixner.net/paylio/paylio-v2/assets/js/main.js]
[pixner.net/paylio/paylio-v2/index.html]
[pixner.net/paylio/paylio-v2/assets/css/bootstrap.min.css]
[pixner.net/paylio/paylio-v2/assets/webfonts/fa-brands-400.eot]
[pixner.net/paylio/paylio-v2/assets/webfonts/fa-brands-400d41d.eot]
[pixner.net/paylio/paylio-v2/assets/webfonts/fa-brands-400.woff2]
[pixner.net/paylio/paylio-v2/assets/webfonts/fa-brands-400.woff]
[pixner.net/paylio/paylio-v2/assets/webfonts/fa-brands-400.ttf]
[pixner.net/paylio/paylio-v2/assets/webfonts/fa-regular-400.eot]
[pixner.net/paylio/paylio-v2/assets/webfonts/fa-brands-400.svg]
[pixner.net/paylio/paylio-v2/assets/webfonts/fa-regular-400d41d.eot]
[pixner.net/paylio/paylio-v2/assets/webfonts/fa-regular-400.woff2]
[pixner.net/paylio/paylio-v2/assets/webfonts/fa-regular-400.woff]
[pixner.net/paylio/paylio-v2/assets/webfonts/fa-regular-400.ttf]
[pixner.net/paylio/paylio-v2/assets/webfonts/fa-regular-400.svg]
[pixner.net/paylio/paylio-v2/assets/webfonts/fa-solid-900.eot]
[pixner.net/paylio/paylio-v2/assets/webfonts/fa-solid-900d41d.eot]
[pixner.net/paylio/paylio-v2/assets/webfonts/fa-solid-900.woff2]
[pixner.net/paylio/paylio-v2/assets/webfonts/fa-solid-900.woff]
[pixner.net/paylio/paylio-v2/assets/webfonts/fa-solid-900.ttf]
[pixner.net/paylio/paylio-v2/assets/css/fontawesome.min.css]
[pixner.net/paylio/paylio-v2/assets/css/plugin/nice-select.css]
[pixner.net/paylio/paylio-v2/assets/css/plugin/slick.css]
[pixner.net/paylio/paylio-v2/assets/webfonts/own-family.eot]
[pixner.net/paylio/paylio-v2/assets/webfonts/fa-solid-900.svg]
[pixner.net/paylio/paylio-v2/assets/webfonts/own-familyd41d.eot]
[pixner.net/paylio/paylio-v2/assets/webfonts/own-family.woff]
[pixner.net/paylio/paylio-v2/assets/webfonts/own-family.ttf]
[pixner.net/paylio/paylio-v2/assets/webfonts/own-family.svg]
[pixner.net/paylio/paylio-v2/assets/css/custom-family.css]
[pixner.net/paylio/paylio-v2/assets/css/plugin/magnific-popup.css]
[pixner.net/paylio/paylio-v2/assets/css/plugin/animate.css]
[pixner.net/paylio/paylio-v2/assets/img/preloader.gif]
[pixner.net/paylio/paylio-v2/assets/img/down-arrow.png]
[pixner.net/paylio/paylio-v2/assets/img/down_arrow.png]
[pixner.net/paylio/paylio-v2/assets/img/banner-bg.png]
[pixner.net/paylio/paylio-v2/assets/img/index2-banner-overlay.png]
[pixner.net/paylio/paylio-v2/assets/img/index2-banner-bg.png]
[pixner.net/paylio/paylio-v2/assets/img/flag-icon.png]
[pixner.net/paylio/paylio-v2/assets/img/index3-overlay.png]
[pixner.net/paylio/paylio-v2/assets/img/index3-banner-bg.png]
[pixner.net/paylio/paylio-v2/assets/img/index4-overlay.png]
[pixner.net/paylio/paylio-v2/assets/img/index4-banner-left.png]
[pixner.net/paylio/paylio-v2/assets/img/index5-overlay.png]
[pixner.net/paylio/paylio-v2/assets/img/index5-right.png]
[pixner.net/paylio/paylio-v2/assets/img/index6-overlay.png]
[pixner.net/paylio/paylio-v2/assets/img/index8-banner-bg.png]
[pixner.net/paylio/paylio-v2/assets/img/index8-banner-overlay.png]
[pixner.net/paylio/paylio-v2/assets/img/index8-illu.png]
[pixner.net/paylio/paylio-v2/assets/img/index9-illu.png]
[pixner.net/paylio/paylio-v2/assets/img/index10-illu.png]
[pixner.net/paylio/paylio-v2/assets/img/inner-page-banner.png]
[pixner.net/paylio/paylio-v2/assets/img/right-icon.png]
[pixner.net/paylio/paylio-v2/assets/img/privacy-policy-banner.png]
[pixner.net/paylio/paylio-v2/assets/img/contact-us-illu.png]
[pixner.net/paylio/paylio-v2/assets/img/blog4-overlay.png]
[pixner.net/paylio/paylio-v2/assets/img/footer-bg.png]
[pixner.net/paylio/paylio-v2/assets/img/arrow-right.png]
[pixner.net/paylio/paylio-v2/assets/img/cus-bg.png]
[pixner.net/paylio/paylio-v2/assets/img/arrow_01.png]
[pixner.net/paylio/paylio-v2/assets/img/arrow_02.png]
[pixner.net/paylio/paylio-v2/assets/img/popup-circle.png]
[pixner.net/paylio/paylio-v2/assets/img/plus.png]
[pixner.net/paylio/paylio-v2/assets/img/minus.png]
[pixner.net/paylio/paylio-v2/assets/img/right-icon-2.png]
[pixner.net/paylio/paylio-v2/assets/img/call-action-circle.png]
[pixner.net/paylio/paylio-v2/assets/img/call-action-bg.png]
[pixner.net/paylio/paylio-v2/assets/img/call-action-second-bg.png]
[pixner.net/paylio/paylio-v2/assets/img/call-action-third-bg.png]
[pixner.net/paylio/paylio-v2/assets/img/call-action-content-bg.png]
[pixner.net/paylio/paylio-v2/assets/img/call-action-index4-bg.png]
[pixner.net/paylio/paylio-v2/assets/img/call-action-bg-index8.png]
[pixner.net/paylio/paylio-v2/assets/img/careers-bg.png]
[pixner.net/paylio/paylio-v2/assets/img/what-init-bg.png]
[pixner.net/paylio/paylio-v2/assets/img/dot-map.png]
[pixner.net/paylio/paylio-v2/assets/img/team-bg.png]
[pixner.net/paylio/paylio-v2/assets/img/contact-form-bg.png]
[pixner.net/paylio/paylio-v2/assets/img/coming-soon-bg.png]
[pixner.net/paylio/paylio-v2/assets/img/check-4.png]
[pixner.net/paylio/paylio-v2/assets/css/style.css]
[pixner.net/paylio/paylio-v2/assets/img/feature-icon-1.png]
[pixner.net/paylio/paylio-v2/assets/img/feature-icon-2.png]
[pixner.net/paylio/paylio-v2/assets/img/feature-icon-3.png]
[pixner.net/paylio/paylio-v2/assets/img/usa-flag.png]
[pixner.net/paylio/paylio-v2/assets/img/uk-flag.png]
[pixner.net/paylio/paylio-v2/assets/img/ex-tab-icon-1.png]
[pixner.net/paylio/paylio-v2/assets/img/ex-tab-icon-2.png]
[pixner.net/paylio/paylio-v2/assets/img/ex-tab-icon-3.png]
[pixner.net/paylio/paylio-v2/assets/img/info_icon.png]
[pixner.net/paylio/paylio-v2/assets/img/feature-cross-currency.png]
[pixner.net/paylio/paylio-v2/assets/img/pop-up-bg.png]
[pixner.net/paylio/paylio-v2/assets/img/popup-icon.png]
[pixner.net/paylio/paylio-v2/assets/img/app-download-screen.png]
[pixner.net/paylio/paylio-v2/assets/img/check-alt.png]
[pixner.net/paylio/paylio-v2/assets/img/features-illu.png]
[pixner.net/paylio/paylio-v2/assets/img/features-1-icon.png]
[pixner.net/paylio/paylio-v2/assets/img/features-2-icon.png]
[pixner.net/paylio/paylio-v2/assets/img/features-3-icon.png]
[pixner.net/paylio/paylio-v2/assets/img/features-4-icon.png]
[pixner.net/paylio/paylio-v2/assets/img/features-5-icon.png]
[pixner.net/paylio/paylio-v2/assets/img/testimonials-inner-bg.png]
[pixner.net/paylio/paylio-v2/assets/img/maps.png]
[pixner.net/paylio/paylio-v2/assets/img/smile.png]
[pixner.net/paylio/paylio-v2/assets/img/mass-payments-secure.png]
[pixner.net/paylio/paylio-v2/index-2.html]
[pixner.net/paylio/paylio-v2/assets/js/plugin/apexcharts.min.js]
[pixner.net/paylio/paylio-v2/assets/img/marketplaces-1.png]
[pixner.net/paylio/paylio-v2/assets/img/marketplaces-2.png]
[pixner.net/paylio/paylio-v2/assets/img/marketplaces-3.png]
[pixner.net/paylio/paylio-v2/assets/img/marketplaces-4.png]
[pixner.net/paylio/paylio-v2/assets/img/index3-illu.png]
[pixner.net/paylio/paylio-v2/assets/img/how-works-icon-4.png]
[pixner.net/paylio/paylio-v2/assets/img/how-works-icon-5.png]
[pixner.net/paylio/paylio-v2/assets/img/how-works-icon-6.png]
[pixner.net/paylio/paylio-v2/assets/img/what-in-it-icon-1.png]
[pixner.net/paylio/paylio-v2/assets/img/what-in-it-icon-2.png]
[pixner.net/paylio/paylio-v2/assets/img/what-in-it-icon-3.png]
[pixner.net/paylio/paylio-v2/assets/img/features-icon-5.png]
[pixner.net/paylio/paylio-v2/assets/img/features-icon-6.png]
[pixner.net/paylio/paylio-v2/assets/img/features-icon-7.png]
[pixner.net/paylio/paylio-v2/assets/img/features-icon-8.png]
[pixner.net/paylio/paylio-v2/assets/img/features-icon-9.png]
[pixner.net/paylio/paylio-v2/assets/img/features-icon-10.png]
[pixner.net/paylio/paylio-v2/assets/img/features-icon-11.png]
[pixner.net/paylio/paylio-v2/assets/img/testimonials-user-4.png]
[pixner.net/paylio/paylio-v2/assets/img/testimonials-user-5.png]
[pixner.net/paylio/paylio-v2/assets/img/testimonials-user-6.png]
[pixner.net/paylio/paylio-v2/assets/img/testimonials-user-7.png]
[pixner.net/paylio/paylio-v2/assets/img/faq-right.png]
[pixner.net/paylio/paylio-v2/index-3.html]
[pixner.net/paylio/paylio-v2/assets/img/logo-index4.png]
[pixner.net/paylio/paylio-v2/assets/img/features-icon-13.png]
[pixner.net/paylio/paylio-v2/assets/img/features-icon-14.png]
[pixner.net/paylio/paylio-v2/assets/img/features-icon-15.png]
[pixner.net/paylio/paylio-v2/assets/img/features-icon-16.png]
[pixner.net/paylio/paylio-v2/assets/img/check-2.png]
[pixner.net/paylio/paylio-v2/assets/img/smart-phone-mockup.png]
[pixner.net/paylio/paylio-v2/assets/img/market-icon-1.png]
[pixner.net/paylio/paylio-v2/assets/img/market-icon-2.png]
[pixner.net/paylio/paylio-v2/assets/img/market-icon-3.png]
[pixner.net/paylio/paylio-v2/assets/img/market-icon-4.png]
[pixner.net/paylio/paylio-v2/assets/img/market-icon-5.png]
[pixner.net/paylio/paylio-v2/assets/img/market-icon-6.png]
[pixner.net/paylio/paylio-v2/assets/img/testimonials-user-8.png]
[pixner.net/paylio/paylio-v2/assets/img/testimonials-user-9.png]
[pixner.net/paylio/paylio-v2/assets/img/testimonials-user-10.png]
[pixner.net/paylio/paylio-v2/index-4.html]
[pixner.net/paylio/paylio-v2/assets/img/buy-sell-secure.png]
[pixner.net/paylio/paylio-v2/assets/img/buy-sell-icon-1.png]
[pixner.net/paylio/paylio-v2/assets/img/buy-sell-icon-2.png]
[pixner.net/paylio/paylio-v2/assets/img/buy-sell-icon-3.png]
[pixner.net/paylio/paylio-v2/assets/img/buy-sell-icon-4.png]
[pixner.net/paylio/paylio-v2/assets/img/buy-sell-icon-5.png]
[pixner.net/paylio/paylio-v2/index-5.html]
[pixner.net/paylio/paylio-v2/assets/img/banner-carousel-icon-1.png]
[pixner.net/paylio/paylio-v2/assets/img/banner-carousel-icon-2.png]
[pixner.net/paylio/paylio-v2/assets/img/banner-carousel-icon-3.png]
[pixner.net/paylio/paylio-v2/assets/img/banner-carousel-icon-4.png]
[pixner.net/paylio/paylio-v2/assets/img/banner-carousel-icon-5.png]
[pixner.net/paylio/paylio-v2/assets/img/business-commercial-Illu.png]
[pixner.net/paylio/paylio-v2/assets/img/check-3.png]
[pixner.net/paylio/paylio-v2/assets/img/what-you-need-illu.png]
[pixner.net/paylio/paylio-v2/assets/img/got-covered-illu.png]
[pixner.net/paylio/paylio-v2/assets/img/fully-registered-illu.png]
[pixner.net/paylio/paylio-v2/assets/img/what-we-offer-icon-1.png]
[pixner.net/paylio/paylio-v2/assets/img/what-we-offer-icon-2.png]
[pixner.net/paylio/paylio-v2/assets/img/what-we-offer-icon-3.png]
[pixner.net/paylio/paylio-v2/assets/img/what-we-offer-icon-4.png]
[pixner.net/paylio/paylio-v2/assets/img/what-we-offer-icon-5.png]
[pixner.net/paylio/paylio-v2/assets/img/what-we-offer-icon-6.png]
[pixner.net/paylio/paylio-v2/index-6.html]
[pixner.net/paylio/paylio-v2/assets/img/earth-icon.png]
[pixner.net/paylio/paylio-v2/assets/img/submit-icon.png]
[pixner.net/paylio/paylio-v2/assets/img/earth-banner.png]
[pixner.net/paylio/paylio-v2/index-7.html]
[pixner.net/paylio/paylio-v2/assets/img/how-work-icon-1.png]
[pixner.net/paylio/paylio-v2/assets/img/how-work-icon-2.png]
[pixner.net/paylio/paylio-v2/assets/img/how-work-icon-3.png]
[pixner.net/paylio/paylio-v2/assets/img/features-icon-17.png]
[pixner.net/paylio/paylio-v2/assets/img/features-icon-18.png]
[pixner.net/paylio/paylio-v2/assets/img/earning-illu.png]
[pixner.net/paylio/paylio-v2/assets/img/how-works-left.png]
[pixner.net/paylio/paylio-v2/assets/img/how-works-right.png]
[pixner.net/paylio/paylio-v2/index-8.html]
[pixner.net/paylio/paylio-v2/assets/img/benefits-icon-1.png]
[pixner.net/paylio/paylio-v2/assets/img/benefits-icon-2.png]
[pixner.net/paylio/paylio-v2/assets/img/benefits-icon-3.png]
[pixner.net/paylio/paylio-v2/assets/img/benefits-icon-4.png]
[pixner.net/paylio/paylio-v2/assets/img/benefits-icon-5.png]
[pixner.net/paylio/paylio-v2/assets/img/benefits-icon-6.png]
[pixner.net/paylio/paylio-v2/assets/img/silver.png]
[pixner.net/paylio/paylio-v2/assets/img/gold.png]
[pixner.net/paylio/paylio-v2/assets/img/diamond.png]
[pixner.net/paylio/paylio-v2/assets/img/faq-right-sec.png]
[pixner.net/paylio/paylio-v2/index-9.html]
[pixner.net/paylio/paylio-v2/assets/img/send-and-receive.png]
[pixner.net/paylio/paylio-v2/assets/img/built-in-crypto.png]
[pixner.net/paylio/paylio-v2/index-10.html]
[pixner.net/paylio/paylio-v2/assets/img/index11-illu.png]
[pixner.net/paylio/paylio-v2/assets/img/feature-Illu-index11.png]
[pixner.net/paylio/paylio-v2/index-11.html]
[pixner.net/paylio/paylio-v2/assets/img/blog-profile.png]
[pixner.net/paylio/paylio-v2/assets/img/right-icon-5.png]
[pixner.net/paylio/paylio-v2/assets/img/blog-banner-illu.png]
[pixner.net/paylio/paylio-v2/assets/img/latest-articles-1.png]
[pixner.net/paylio/paylio-v2/assets/img/latest-articles-2.png]
[pixner.net/paylio/paylio-v2/assets/img/latest-articles-3.png]
[pixner.net/paylio/paylio-v2/assets/img/latest-articles-4.png]
[pixner.net/paylio/paylio-v2/assets/img/latest-articles-5.png]
[pixner.net/paylio/paylio-v2/assets/img/latest-articles-6.png]
[pixner.net/paylio/paylio-v2/assets/img/icon-left.png]
[pixner.net/paylio/paylio-v2/assets/img/icon-right.png]
[pixner.net/paylio/paylio-v2/blog.html]
[pixner.net/paylio/paylio-v2/assets/img/blog-banner-two.png]
[pixner.net/paylio/paylio-v2/blog-2.html]
[pixner.net/paylio/paylio-v2/assets/img/latest-articles-7.png]
[pixner.net/paylio/paylio-v2/assets/img/latest-articles-8.png]
[pixner.net/paylio/paylio-v2/assets/img/latest-articles-9.png]
[pixner.net/paylio/paylio-v2/assets/img/latest-articles-10.png]
[pixner.net/paylio/paylio-v2/assets/img/sub-icon.png]
[pixner.net/paylio/paylio-v2/assets/img/mail-icon.png]
[pixner.net/paylio/paylio-v2/assets/img/search-icon.png]
[pixner.net/paylio/paylio-v2/assets/img/popular-articles-img-1.png]
[pixner.net/paylio/paylio-v2/assets/img/popular-articles-img-2.png]
[pixner.net/paylio/paylio-v2/assets/img/popular-articles-img-3.png]
[pixner.net/paylio/paylio-v2/blog-3.html]
[pixner.net/paylio/paylio-v2/assets/img/blog-banner-four.png]
[pixner.net/paylio/paylio-v2/assets/img/view-icon.png]
[pixner.net/paylio/paylio-v2/assets/img/popular-posts-1.png]
[pixner.net/paylio/paylio-v2/assets/img/popular-posts-2.png]
[pixner.net/paylio/paylio-v2/assets/img/popular-posts-3.png]
[pixner.net/paylio/paylio-v2/assets/img/popular-posts-4.png]
[pixner.net/paylio/paylio-v2/assets/img/popular-posts-5.png]
[pixner.net/paylio/paylio-v2/assets/img/popular-posts-6.png]
[pixner.net/paylio/paylio-v2/assets/img/trending-posts-1.png]
[pixner.net/paylio/paylio-v2/assets/img/trending-posts-2.png]
[pixner.net/paylio/paylio-v2/assets/img/trending-posts-3.png]
[pixner.net/paylio/paylio-v2/assets/img/trending-posts-4.png]
[pixner.net/paylio/paylio-v2/assets/img/trending-posts-5.png]
[pixner.net/paylio/paylio-v2/assets/img/trending-posts-6.png]
[pixner.net/paylio/paylio-v2/assets/img/latest-posts-1.png]
[pixner.net/paylio/paylio-v2/assets/img/latest-posts-2.png]
[pixner.net/paylio/paylio-v2/assets/img/latest-posts-3.png]
[pixner.net/paylio/paylio-v2/assets/img/latest-posts-4.png]
[pixner.net/paylio/paylio-v2/blog-4.html]
[pixner.net/paylio/paylio-v2/assets/img/eth-blog.png]
[pixner.net/paylio/paylio-v2/assets/img/share-icon.png]
[pixner.net/paylio/paylio-v2/assets/img/comment-img-1.png]
[pixner.net/paylio/paylio-v2/assets/img/reply-icon.png]
[pixner.net/paylio/paylio-v2/assets/img/flag-en.png]
[pixner.net/paylio/paylio-v2/assets/img/comment-img-2.png]
[pixner.net/paylio/paylio-v2/assets/img/comment-img-3.png]
[pixner.net/paylio/paylio-v2/assets/img/contact-user-icon.png]
[pixner.net/paylio/paylio-v2/assets/img/contact-email-icon.png]
[pixner.net/paylio/paylio-v2/assets/img/author-1.png]
[pixner.net/paylio/paylio-v2/blog-single.html]
[pixner.net/paylio/paylio-v2/assets/img/author-2.png]
[pixner.net/paylio/paylio-v2/assets/img/blog-bg-img.png]
[pixner.net/paylio/paylio-v2/assets/img/eth-blog-sec.png]
[pixner.net/paylio/paylio-v2/blog-single-2.html]
[pixner.net/paylio/paylio-v2/assets/img/about-us-banner.png]
[pixner.net/paylio/paylio-v2/assets/img/about-banner-icon1.png]
[pixner.net/paylio/paylio-v2/assets/img/about-banner-icon2.png]
[pixner.net/paylio/paylio-v2/assets/img/about-banner-icon3.png]
[pixner.net/paylio/paylio-v2/assets/img/about-banner-icon4.png]
[pixner.net/paylio/paylio-v2/assets/img/rectangle-globe.png]
[pixner.net/paylio/paylio-v2/assets/img/our-vision-img.png]
[pixner.net/paylio/paylio-v2/assets/img/our-values-icon-1.png]
[pixner.net/paylio/paylio-v2/assets/img/our-values-icon-2.png]
[pixner.net/paylio/paylio-v2/assets/img/our-values-icon-3.png]
[pixner.net/paylio/paylio-v2/assets/img/our-values-icon-4.png]
[pixner.net/paylio/paylio-v2/assets/img/team-member-1.png]
[pixner.net/paylio/paylio-v2/assets/img/team-member-2.png]
[pixner.net/paylio/paylio-v2/assets/img/team-member-3.png]
[pixner.net/paylio/paylio-v2/assets/img/team-member-4.png]
[pixner.net/paylio/paylio-v2/assets/img/award-icon.png]
[pixner.net/paylio/paylio-v2/about-us.html]
[pixner.net/paylio/paylio-v2/assets/img/careers-banner-bg.png]
[pixner.net/paylio/paylio-v2/assets/img/benefit-icon-1.png]
[pixner.net/paylio/paylio-v2/assets/img/benefit-icon-2.png]
[pixner.net/paylio/paylio-v2/assets/img/benefit-icon-3.png]
[pixner.net/paylio/paylio-v2/assets/img/benefit-icon-4.png]
[pixner.net/paylio/paylio-v2/assets/img/benefit-icon-5.png]
[pixner.net/paylio/paylio-v2/assets/img/benefit-icon-6.png]
[pixner.net/paylio/paylio-v2/assets/img/testimonials-left.png]
[pixner.net/paylio/paylio-v2/assets/img/clock-icon.png]
[pixner.net/paylio/paylio-v2/careers.html]
[pixner.net/paylio/paylio-v2/assets/img/fees-icon-1.png]
[pixner.net/paylio/paylio-v2/assets/img/fees-icon-2.png]
[pixner.net/paylio/paylio-v2/assets/img/fees-icon-3.png]
[pixner.net/paylio/paylio-v2/assets/img/fees-icon-4.png]
[pixner.net/paylio/paylio-v2/assets/img/fees-icon-5.png]
[pixner.net/paylio/paylio-v2/assets/img/fees-icon-6.png]
[pixner.net/paylio/paylio-v2/assets/img/fees-icon-7.png]
[pixner.net/paylio/paylio-v2/assets/img/fees-icon-8.png]
[pixner.net/paylio/paylio-v2/assets/img/fees-icon-9.png]
[pixner.net/paylio/paylio-v2/assets/img/local-pay-icon-1.png]
[pixner.net/paylio/paylio-v2/assets/img/local-pay-icon-2.png]
[pixner.net/paylio/paylio-v2/assets/img/local-pay-icon-3.png]
[pixner.net/paylio/paylio-v2/assets/img/online-pay-icon-1.png]
[pixner.net/paylio/paylio-v2/assets/img/online-pay-icon-2.png]
[pixner.net/paylio/paylio-v2/assets/img/online-pay-icon-3.png]
[pixner.net/paylio/paylio-v2/assets/img/local-pay-icon-4.png]
[pixner.net/paylio/paylio-v2/assets/img/local-pay-icon-5.png]
[pixner.net/paylio/paylio-v2/assets/img/local-pay-icon-6.png]
[pixner.net/paylio/paylio-v2/assets/img/global-payment-1.png]
[pixner.net/paylio/paylio-v2/fees.html]
[pixner.net/paylio/paylio-v2/assets/img/right-icon-1.png]
[pixner.net/paylio/paylio-v2/open-positions.html]
[pixner.net/paylio/paylio-v2/assets/img/team-member-5.png]
[pixner.net/paylio/paylio-v2/assets/img/team-member-6.png]
[pixner.net/paylio/paylio-v2/assets/img/team-member-7.png]
[pixner.net/paylio/paylio-v2/assets/img/team-member-8.png]
[pixner.net/paylio/paylio-v2/our-team.html]
[pixner.net/paylio/paylio-v2/assets/img/protecting-privacy.png]
[pixner.net/paylio/paylio-v2/assets/img/privacy-cookies.png]
[pixner.net/paylio/paylio-v2/privacy-policy.html]
[pixner.net/paylio/paylio-v2/assets/img/loading.png]
[pixner.net/paylio/paylio-v2/countries.html]
[pixner.net/paylio/paylio-v2/assets/img/team-details-profile.png]
[pixner.net/paylio/paylio-v2/team-details.html]
[pixner.net/paylio/paylio-v2/terms-conditions.html]
[pixner.net/paylio/paylio-v2/reviews.html]
[pixner.net/paylio/paylio-v2/how-works.html]
[pixner.net/paylio/paylio-v2/faqs.html]
[pixner.net/paylio/paylio-v2/assets/img/left-icon.png]
[pixner.net/paylio/paylio-v2/assets/img/show-hide.png]
[pixner.net/paylio/paylio-v2/assets/img/google.png]
[pixner.net/paylio/paylio-v2/assets/img/fb.png]
[pixner.net/paylio/paylio-v2/assets/js/plugin/jquery.countdown.js]
[pixner.net/paylio/paylio-v2/login.html]
[pixner.net/paylio/paylio-v2/assets/img/login-bg-2.png]
[pixner.net/paylio/paylio-v2/login-2.html]
[pixner.net/paylio/paylio-v2/assets/img/register-illus.png]
[pixner.net/paylio/paylio-v2/register.html]
[pixner.net/paylio/paylio-v2/assets/img/feature-list-icon-1.png]
[pixner.net/paylio/paylio-v2/assets/img/feature-list-icon-2.png]
[pixner.net/paylio/paylio-v2/assets/img/feature-list-icon-3.png]
[pixner.net/paylio/paylio-v2/register-2.html]
[pixner.net/paylio/paylio-v2/assets/img/forgot-password-Illus.png]
[pixner.net/paylio/paylio-v2/forgot-password.html]
[pixner.net/paylio/paylio-v2/assets/img/forgot-pwd-2-Illus.png]
[pixner.net/paylio/paylio-v2/forgot-password-2.html]
[pixner.net/paylio/paylio-v2/reset-password.html]
[pixner.net/paylio/paylio-v2/assets/img/logo-soon.png]
[pixner.net/paylio/paylio-v2/assets/img/right-icon-4.png]
[pixner.net/paylio/paylio-v2/coming-soon.html]
[pixner.net/paylio/paylio-v2/assets/img/error-404-illu.png]
[pixner.net/paylio/paylio-v2/404.html]
[pixner.net/paylio/paylio-v2/assets/img/contact-banner-icon-1.png]
[pixner.net/paylio/paylio-v2/assets/img/sms-icon.png]
[pixner.net/paylio/paylio-v2/assets/img/call-icon.png]
[pixner.net/paylio/paylio-v2/assets/img/contact-banner-icon-2.png]
[pixner.net/paylio/paylio-v2/assets/img/contact-banner-icon-3.png]
[pixner.net/paylio/paylio-v2/assets/img/contact-phone-icon.png]
[pixner.net/paylio/paylio-v2/assets/img/contact-com-icon.png]
[pixner.net/paylio/paylio-v2/contact.html]
[pixner.net/cdn-cgi/scripts/5c5dd728/cloudflare-static/email-decode.min.js]
[pixner.net/paylio/paylio-v2/assets/img/category-icon-1.png]
[pixner.net/paylio/paylio-v2/assets/img/category-icon-2.png]
[pixner.net/paylio/paylio-v2/assets/img/category-icon-3.png]
[pixner.net/paylio/paylio-v2/assets/img/category-icon-4.png]
[pixner.net/paylio/paylio-v2/assets/img/category-icon-5.png]
[pixner.net/paylio/paylio-v2/assets/img/category-icon-6.png]
[pixner.net/paylio/paylio-v2/assets/img/category-icon-7.png]
[pixner.net/paylio/paylio-v2/assets/img/category-icon-8.png]
[pixner.net/paylio/paylio-v2/assets/img/category-icon-9.png]
[pixner.net/paylio/paylio-v2/help-center.html]
[pixner.net/paylio/paylio-v2/assets/img/help-details-icon.png]
[pixner.net/paylio/paylio-v2/assets/img/help-details-icon-1.png]
[pixner.net/paylio/paylio-v2/assets/img/help-details-icon-2.png]
[pixner.net/paylio/paylio-v2/assets/img/help-details-icon-3.png]
[pixner.net/paylio/paylio-v2/assets/img/help-details-icon-4.png]
[pixner.net/paylio/paylio-v2/assets/img/help-details-icon-5.png]
[pixner.net/paylio/paylio-v2/assets/img/help-details-icon-6.png]
[pixner.net/paylio/paylio-v2/assets/img/help-details-icon-7.png]
[pixner.net/paylio/paylio-v2/assets/img/help-details-icon-8.png]
[pixner.net/paylio/paylio-v2/assets/img/help-details-icon-9.png]
[pixner.net/paylio/paylio-v2/help-center-2.html]
[pixner.net/paylio/paylio-v2/assets/img/profile-info-1.png]
[pixner.net/paylio/paylio-v2/assets/img/right-icon-3.png]
[pixner.net/paylio/paylio-v2/assets/img/like.png]
[pixner.net/paylio/paylio-v2/assets/img/dislike.png]
[pixner.net/paylio/paylio-v2/help-center-details.html]
[pixner.net/paylio/paylio-v2/assets/webfonts/fa-brands-400.svg]
[pixner.net/paylio/paylio-v2/assets/webfonts/fa-regular-400.svg]
[pixner.net/paylio/paylio-v2/assets/webfonts/fa-solid-900.svg]
[pixner.net/paylio/paylio-v2/assets/webfonts/own-family.svg]
